≡ƒôé Reading .env.local from: C:\Users\Prasojo\.gemini\antigravity\scratch\kanban-project\.env.local

≡ƒîÉ Connecting to Supabase...
≡ƒæñ Logging in as: john@example.com
Γ£à Login SUCCESS! User ID: 4684a570-231e-4ce2-8df4-1ba468704ede

≡ƒôï Creating Board: "Test Board AI 1767460477527"...
node : Γ¥î Create Board FAILED: infinite recursion 
detected in policy for relation "boards"
At line:1 char:1
+ node test-create-board.js > test_output.txt 2>&1
+ ~~~~~~~~~~~~~~~~~~~~~~~~~~~~~~~~~~~~~~~~~~~~~~~~
    + CategoryInfo          : NotSpecified: (Γ¥î Crea 
   te Boar...lation "boards":String) [], RemoteExcep  
  tion
    + FullyQualifiedErrorId : NativeCommandError
 
